com\jobportal\config\WebConfig.class
com\jobportal\utility\JwtUtils.class
com\jobportal\exception\JobApplicationSaveException.class
com\jobportal\utility\Constants$JobType.class
com\jobportal\config\CustomUserDetails.class
com\jobportal\OnlineJobPortalApplication.class
com\jobportal\resource\UserWorkExperienceResource.class
com\jobportal\dto\JobResponse.class
com\jobportal\service\UserService.class
com\jobportal\entity\JobCategory.class
com\jobportal\controlller\JobController.class
com\jobportal\utility\Constants$JobStatus.class
com\jobportal\controlller\UserController.class
com\jobportal\exception\JobSaveFailedException.class
com\jobportal\dto\UpdateUserProfileRequest.class
com\jobportal\resource\JobResource.class
com\jobportal\dao\UserDao.class
com\jobportal\dao\UserEducationDao.class
com\jobportal\resource\HelperResource.class
com\jobportal\dto\UserLoginResponse.class
com\jobportal\dao\UserWorkExperienceDao.class
com\jobportal\service\JobCategoryServiceImpl.class
com\jobportal\dao\JobCategoryDao.class
com\jobportal\resource\JobApplicationResource.class
com\jobportal\exception\GlobalExceptionHandler.class
com\jobportal\interceptor\RequestHeaderInterceptor.class
com\jobportal\utility\Constants$SalaryRange.class
com\jobportal\service\JobCategoryService.class
com\jobportal\dao\AddressDao.class
com\jobportal\dto\JobAddRequest.class
com\jobportal\resource\UserProfileResource.class
com\jobportal\exception\UserSaveFailedException.class
com\jobportal\dto\UpdateUserProfilePicRequest.class
com\jobportal\entity\Job.class
com\jobportal\filter\JwtAuthFilter.class
com\jobportal\exception\CategorySaveFailedException.class
com\jobportal\controlller\JobApplicationController.class
com\jobportal\dto\UserStatusUpdateRequestDto.class
com\jobportal\resource\AddressResource.class
com\jobportal\dao\UserProfileDao.class
com\jobportal\service\UserWorkExperienceServiceImpl.class
com\jobportal\config\CustomUserDetailsService.class
com\jobportal\dao\UserSkillDao.class
com\jobportal\utility\DateTimeUtils.class
com\jobportal\controlller\JobCategoryController.class
com\jobportal\service\JobApplicationServiceImpl.class
com\jobportal\dto\UserResponseDto.class
com\jobportal\config\ApplicationConfig.class
com\jobportal\service\UserProfileServiceImpl.class
com\jobportal\service\UserEducationServiceImpl.class
com\jobportal\dao\JobDao.class
com\jobportal\dto\JobApplicationResponse.class
com\jobportal\service\JobServiceImpl.class
com\jobportal\controlller\HelperController.class
com\jobportal\entity\UserProfile.class
com\jobportal\exception\MethodArgumentNotValidException.class
com\jobportal\service\StorageServiceImpl.class
com\jobportal\service\JobApplicationService.class
com\jobportal\dao\JobApplicationDao.class
com\jobportal\service\AddressService.class
com\jobportal\service\UserProfileService.class
com\jobportal\service\UserWorkExperienceService.class
com\jobportal\utility\Helper.class
com\jobportal\utility\Constants.class
com\jobportal\entity\UserWorkExperience.class
com\jobportal\service\UserServiceImpl.class
com\jobportal\config\SecurityConfig.class
com\jobportal\dto\CommonApiResponse.class
com\jobportal\dto\RegisterUserRequestDto.class
com\jobportal\entity\JobApplication.class
com\jobportal\resource\UserEducationResource.class
com\jobportal\service\AddressServiceImpl.class
com\jobportal\service\JobService.class
com\jobportal\entity\UserEducation.class
com\jobportal\utility\Constants$UserRole.class
com\jobportal\utility\Constants$JobApplicationStatus.class
com\jobportal\utility\Constants$UserProfileUpdateType.class
com\jobportal\dto\UpdateUserResumeRequest.class
com\jobportal\utility\Constants$JobExperienceLevel.class
com\jobportal\service\StorageService.class
com\jobportal\service\UserSkillServiceImpl.class
com\jobportal\config\SwaggerConfig.class
com\jobportal\service\UserSkillService.class
com\jobportal\resource\UserResource.class
com\jobportal\dto\CategoryResponseDto.class
com\jobportal\dto\UpdateProfileDetailRequest.class
com\jobportal\exception\UserNotFoundException.class
com\jobportal\entity\UserSkill.class
com\jobportal\utility\Constants$ActiveStatus.class
com\jobportal\resource\UserSkillResource.class
com\jobportal\entity\Address.class
com\jobportal\entity\User.class
com\jobportal\service\UserEducationService.class
com\jobportal\resource\JobCategoryResource.class
com\jobportal\dto\UserLoginRequest.class
