C:\Users\VARDHAM\OneDrive\Desktop\final project\DAC_Project_Final_Backend-main\DAC_Project_Final_Backend-main\src\main\java\com\jobportal\dao\UserProfileDao.java
C:\Users\VARDHAM\OneDrive\Desktop\final project\DAC_Project_Final_Backend-main\DAC_Project_Final_Backend-main\src\main\java\com\jobportal\dao\JobCategoryDao.java
C:\Users\VARDHAM\OneDrive\Desktop\final project\DAC_Project_Final_Backend-main\DAC_Project_Final_Backend-main\src\main\java\com\jobportal\entity\UserEducation.java
C:\Users\VARDHAM\OneDrive\Desktop\final project\DAC_Project_Final_Backend-main\DAC_Project_Final_Backend-main\src\main\java\com\jobportal\exception\CategorySaveFailedException.java
C:\Users\VARDHAM\OneDrive\Desktop\final project\DAC_Project_Final_Backend-main\DAC_Project_Final_Backend-main\src\main\java\com\jobportal\service\UserServiceImpl.java
C:\Users\VARDHAM\OneDrive\Desktop\final project\DAC_Project_Final_Backend-main\DAC_Project_Final_Backend-main\src\main\java\com\jobportal\dto\RegisterUserRequestDto.java
C:\Users\VARDHAM\OneDrive\Desktop\final project\DAC_Project_Final_Backend-main\DAC_Project_Final_Backend-main\src\main\java\com\jobportal\dao\JobDao.java
C:\Users\VARDHAM\OneDrive\Desktop\final project\DAC_Project_Final_Backend-main\DAC_Project_Final_Backend-main\src\main\java\com\jobportal\dto\CommonApiResponse.java
C:\Users\VARDHAM\OneDrive\Desktop\final project\DAC_Project_Final_Backend-main\DAC_Project_Final_Backend-main\src\main\java\com\jobportal\OnlineJobPortalApplication.java
C:\Users\VARDHAM\OneDrive\Desktop\final project\DAC_Project_Final_Backend-main\DAC_Project_Final_Backend-main\src\main\java\com\jobportal\service\UserWorkExperienceServiceImpl.java
C:\Users\VARDHAM\OneDrive\Desktop\final project\DAC_Project_Final_Backend-main\DAC_Project_Final_Backend-main\src\main\java\com\jobportal\dao\UserWorkExperienceDao.java
C:\Users\VARDHAM\OneDrive\Desktop\final project\DAC_Project_Final_Backend-main\DAC_Project_Final_Backend-main\src\main\java\com\jobportal\dto\UpdateUserProfilePicRequest.java
C:\Users\VARDHAM\OneDrive\Desktop\final project\DAC_Project_Final_Backend-main\DAC_Project_Final_Backend-main\src\main\java\com\jobportal\interceptor\RequestHeaderInterceptor.java
C:\Users\VARDHAM\OneDrive\Desktop\final project\DAC_Project_Final_Backend-main\DAC_Project_Final_Backend-main\src\main\java\com\jobportal\dao\UserSkillDao.java
C:\Users\VARDHAM\OneDrive\Desktop\final project\DAC_Project_Final_Backend-main\DAC_Project_Final_Backend-main\src\main\java\com\jobportal\config\ApplicationConfig.java
C:\Users\VARDHAM\OneDrive\Desktop\final project\DAC_Project_Final_Backend-main\DAC_Project_Final_Backend-main\src\main\java\com\jobportal\service\AddressServiceImpl.java
C:\Users\VARDHAM\OneDrive\Desktop\final project\DAC_Project_Final_Backend-main\DAC_Project_Final_Backend-main\src\main\java\com\jobportal\service\JobApplicationService.java
C:\Users\VARDHAM\OneDrive\Desktop\final project\DAC_Project_Final_Backend-main\DAC_Project_Final_Backend-main\src\main\java\com\jobportal\service\JobServiceImpl.java
C:\Users\VARDHAM\OneDrive\Desktop\final project\DAC_Project_Final_Backend-main\DAC_Project_Final_Backend-main\src\main\java\com\jobportal\dto\UpdateUserResumeRequest.java
C:\Users\VARDHAM\OneDrive\Desktop\final project\DAC_Project_Final_Backend-main\DAC_Project_Final_Backend-main\src\main\java\com\jobportal\resource\JobCategoryResource.java
C:\Users\VARDHAM\OneDrive\Desktop\final project\DAC_Project_Final_Backend-main\DAC_Project_Final_Backend-main\src\main\java\com\jobportal\dto\UpdateUserProfileRequest.java
C:\Users\VARDHAM\OneDrive\Desktop\final project\DAC_Project_Final_Backend-main\DAC_Project_Final_Backend-main\src\main\java\com\jobportal\dto\UserStatusUpdateRequestDto.java
C:\Users\VARDHAM\OneDrive\Desktop\final project\DAC_Project_Final_Backend-main\DAC_Project_Final_Backend-main\src\main\java\com\jobportal\resource\AddressResource.java
C:\Users\VARDHAM\OneDrive\Desktop\final project\DAC_Project_Final_Backend-main\DAC_Project_Final_Backend-main\src\main\java\com\jobportal\exception\MethodArgumentNotValidException.java
C:\Users\VARDHAM\OneDrive\Desktop\final project\DAC_Project_Final_Backend-main\DAC_Project_Final_Backend-main\src\main\java\com\jobportal\filter\JwtAuthFilter.java
C:\Users\VARDHAM\OneDrive\Desktop\final project\DAC_Project_Final_Backend-main\DAC_Project_Final_Backend-main\src\main\java\com\jobportal\entity\JobCategory.java
C:\Users\VARDHAM\OneDrive\Desktop\final project\DAC_Project_Final_Backend-main\DAC_Project_Final_Backend-main\src\main\java\com\jobportal\entity\UserProfile.java
C:\Users\VARDHAM\OneDrive\Desktop\final project\DAC_Project_Final_Backend-main\DAC_Project_Final_Backend-main\src\main\java\com\jobportal\resource\UserResource.java
C:\Users\VARDHAM\OneDrive\Desktop\final project\DAC_Project_Final_Backend-main\DAC_Project_Final_Backend-main\src\main\java\com\jobportal\service\AddressService.java
C:\Users\VARDHAM\OneDrive\Desktop\final project\DAC_Project_Final_Backend-main\DAC_Project_Final_Backend-main\src\main\java\com\jobportal\config\CustomUserDetailsService.java
C:\Users\VARDHAM\OneDrive\Desktop\final project\DAC_Project_Final_Backend-main\DAC_Project_Final_Backend-main\src\main\java\com\jobportal\resource\HelperResource.java
C:\Users\VARDHAM\OneDrive\Desktop\final project\DAC_Project_Final_Backend-main\DAC_Project_Final_Backend-main\src\main\java\com\jobportal\resource\UserWorkExperienceResource.java
C:\Users\VARDHAM\OneDrive\Desktop\final project\DAC_Project_Final_Backend-main\DAC_Project_Final_Backend-main\src\main\java\com\jobportal\service\UserProfileServiceImpl.java
C:\Users\VARDHAM\OneDrive\Desktop\final project\DAC_Project_Final_Backend-main\DAC_Project_Final_Backend-main\src\main\java\com\jobportal\entity\JobApplication.java
C:\Users\VARDHAM\OneDrive\Desktop\final project\DAC_Project_Final_Backend-main\DAC_Project_Final_Backend-main\src\main\java\com\jobportal\service\StorageServiceImpl.java
C:\Users\VARDHAM\OneDrive\Desktop\final project\DAC_Project_Final_Backend-main\DAC_Project_Final_Backend-main\src\main\java\com\jobportal\service\UserService.java
C:\Users\VARDHAM\OneDrive\Desktop\final project\DAC_Project_Final_Backend-main\DAC_Project_Final_Backend-main\src\main\java\com\jobportal\dao\UserEducationDao.java
C:\Users\VARDHAM\OneDrive\Desktop\final project\DAC_Project_Final_Backend-main\DAC_Project_Final_Backend-main\src\main\java\com\jobportal\service\JobService.java
C:\Users\VARDHAM\OneDrive\Desktop\final project\DAC_Project_Final_Backend-main\DAC_Project_Final_Backend-main\src\main\java\com\jobportal\entity\Job.java
C:\Users\VARDHAM\OneDrive\Desktop\final project\DAC_Project_Final_Backend-main\DAC_Project_Final_Backend-main\src\main\java\com\jobportal\config\SwaggerConfig.java
C:\Users\VARDHAM\OneDrive\Desktop\final project\DAC_Project_Final_Backend-main\DAC_Project_Final_Backend-main\src\main\java\com\jobportal\dto\CategoryResponseDto.java
C:\Users\VARDHAM\OneDrive\Desktop\final project\DAC_Project_Final_Backend-main\DAC_Project_Final_Backend-main\src\main\java\com\jobportal\resource\JobResource.java
C:\Users\VARDHAM\OneDrive\Desktop\final project\DAC_Project_Final_Backend-main\DAC_Project_Final_Backend-main\src\main\java\com\jobportal\utility\Constants.java
C:\Users\VARDHAM\OneDrive\Desktop\final project\DAC_Project_Final_Backend-main\DAC_Project_Final_Backend-main\src\main\java\com\jobportal\config\SecurityConfig.java
C:\Users\VARDHAM\OneDrive\Desktop\final project\DAC_Project_Final_Backend-main\DAC_Project_Final_Backend-main\src\main\java\com\jobportal\dto\JobResponse.java
C:\Users\VARDHAM\OneDrive\Desktop\final project\DAC_Project_Final_Backend-main\DAC_Project_Final_Backend-main\src\main\java\com\jobportal\entity\UserSkill.java
C:\Users\VARDHAM\OneDrive\Desktop\final project\DAC_Project_Final_Backend-main\DAC_Project_Final_Backend-main\src\main\java\com\jobportal\exception\JobSaveFailedException.java
C:\Users\VARDHAM\OneDrive\Desktop\final project\DAC_Project_Final_Backend-main\DAC_Project_Final_Backend-main\src\main\java\com\jobportal\service\UserProfileService.java
C:\Users\VARDHAM\OneDrive\Desktop\final project\DAC_Project_Final_Backend-main\DAC_Project_Final_Backend-main\src\main\java\com\jobportal\service\UserSkillServiceImpl.java
C:\Users\VARDHAM\OneDrive\Desktop\final project\DAC_Project_Final_Backend-main\DAC_Project_Final_Backend-main\src\main\java\com\jobportal\dto\JobApplicationResponse.java
C:\Users\VARDHAM\OneDrive\Desktop\final project\DAC_Project_Final_Backend-main\DAC_Project_Final_Backend-main\src\main\java\com\jobportal\resource\JobApplicationResource.java
C:\Users\VARDHAM\OneDrive\Desktop\final project\DAC_Project_Final_Backend-main\DAC_Project_Final_Backend-main\src\main\java\com\jobportal\exception\UserSaveFailedException.java
C:\Users\VARDHAM\OneDrive\Desktop\final project\DAC_Project_Final_Backend-main\DAC_Project_Final_Backend-main\src\main\java\com\jobportal\utility\Helper.java
C:\Users\VARDHAM\OneDrive\Desktop\final project\DAC_Project_Final_Backend-main\DAC_Project_Final_Backend-main\src\main\java\com\jobportal\exception\JobApplicationSaveException.java
C:\Users\VARDHAM\OneDrive\Desktop\final project\DAC_Project_Final_Backend-main\DAC_Project_Final_Backend-main\src\main\java\com\jobportal\resource\UserProfileResource.java
C:\Users\VARDHAM\OneDrive\Desktop\final project\DAC_Project_Final_Backend-main\DAC_Project_Final_Backend-main\src\main\java\com\jobportal\service\UserSkillService.java
C:\Users\VARDHAM\OneDrive\Desktop\final project\DAC_Project_Final_Backend-main\DAC_Project_Final_Backend-main\src\main\java\com\jobportal\dto\UserLoginRequest.java
C:\Users\VARDHAM\OneDrive\Desktop\final project\DAC_Project_Final_Backend-main\DAC_Project_Final_Backend-main\src\main\java\com\jobportal\entity\User.java
C:\Users\VARDHAM\OneDrive\Desktop\final project\DAC_Project_Final_Backend-main\DAC_Project_Final_Backend-main\src\main\java\com\jobportal\service\StorageService.java
C:\Users\VARDHAM\OneDrive\Desktop\final project\DAC_Project_Final_Backend-main\DAC_Project_Final_Backend-main\src\main\java\com\jobportal\config\WebConfig.java
C:\Users\VARDHAM\OneDrive\Desktop\final project\DAC_Project_Final_Backend-main\DAC_Project_Final_Backend-main\src\main\java\com\jobportal\controlller\UserController.java
C:\Users\VARDHAM\OneDrive\Desktop\final project\DAC_Project_Final_Backend-main\DAC_Project_Final_Backend-main\src\main\java\com\jobportal\dto\UpdateProfileDetailRequest.java
C:\Users\VARDHAM\OneDrive\Desktop\final project\DAC_Project_Final_Backend-main\DAC_Project_Final_Backend-main\src\main\java\com\jobportal\entity\Address.java
C:\Users\VARDHAM\OneDrive\Desktop\final project\DAC_Project_Final_Backend-main\DAC_Project_Final_Backend-main\src\main\java\com\jobportal\resource\UserEducationResource.java
C:\Users\VARDHAM\OneDrive\Desktop\final project\DAC_Project_Final_Backend-main\DAC_Project_Final_Backend-main\src\main\java\com\jobportal\controlller\JobCategoryController.java
C:\Users\VARDHAM\OneDrive\Desktop\final project\DAC_Project_Final_Backend-main\DAC_Project_Final_Backend-main\src\main\java\com\jobportal\controlller\JobController.java
C:\Users\VARDHAM\OneDrive\Desktop\final project\DAC_Project_Final_Backend-main\DAC_Project_Final_Backend-main\src\main\java\com\jobportal\dto\UserLoginResponse.java
C:\Users\VARDHAM\OneDrive\Desktop\final project\DAC_Project_Final_Backend-main\DAC_Project_Final_Backend-main\src\main\java\com\jobportal\exception\GlobalExceptionHandler.java
C:\Users\VARDHAM\OneDrive\Desktop\final project\DAC_Project_Final_Backend-main\DAC_Project_Final_Backend-main\src\main\java\com\jobportal\service\UserEducationService.java
C:\Users\VARDHAM\OneDrive\Desktop\final project\DAC_Project_Final_Backend-main\DAC_Project_Final_Backend-main\src\main\java\com\jobportal\controlller\HelperController.java
C:\Users\VARDHAM\OneDrive\Desktop\final project\DAC_Project_Final_Backend-main\DAC_Project_Final_Backend-main\src\main\java\com\jobportal\service\JobCategoryServiceImpl.java
C:\Users\VARDHAM\OneDrive\Desktop\final project\DAC_Project_Final_Backend-main\DAC_Project_Final_Backend-main\src\main\java\com\jobportal\dao\JobApplicationDao.java
C:\Users\VARDHAM\OneDrive\Desktop\final project\DAC_Project_Final_Backend-main\DAC_Project_Final_Backend-main\src\main\java\com\jobportal\controlller\JobApplicationController.java
C:\Users\VARDHAM\OneDrive\Desktop\final project\DAC_Project_Final_Backend-main\DAC_Project_Final_Backend-main\src\main\java\com\jobportal\service\JobApplicationServiceImpl.java
C:\Users\VARDHAM\OneDrive\Desktop\final project\DAC_Project_Final_Backend-main\DAC_Project_Final_Backend-main\src\main\java\com\jobportal\exception\UserNotFoundException.java
C:\Users\VARDHAM\OneDrive\Desktop\final project\DAC_Project_Final_Backend-main\DAC_Project_Final_Backend-main\src\main\java\com\jobportal\dto\JobAddRequest.java
C:\Users\VARDHAM\OneDrive\Desktop\final project\DAC_Project_Final_Backend-main\DAC_Project_Final_Backend-main\src\main\java\com\jobportal\resource\UserSkillResource.java
C:\Users\VARDHAM\OneDrive\Desktop\final project\DAC_Project_Final_Backend-main\DAC_Project_Final_Backend-main\src\main\java\com\jobportal\service\UserEducationServiceImpl.java
C:\Users\VARDHAM\OneDrive\Desktop\final project\DAC_Project_Final_Backend-main\DAC_Project_Final_Backend-main\src\main\java\com\jobportal\utility\DateTimeUtils.java
C:\Users\VARDHAM\OneDrive\Desktop\final project\DAC_Project_Final_Backend-main\DAC_Project_Final_Backend-main\src\main\java\com\jobportal\entity\UserWorkExperience.java
C:\Users\VARDHAM\OneDrive\Desktop\final project\DAC_Project_Final_Backend-main\DAC_Project_Final_Backend-main\src\main\java\com\jobportal\utility\JwtUtils.java
C:\Users\VARDHAM\OneDrive\Desktop\final project\DAC_Project_Final_Backend-main\DAC_Project_Final_Backend-main\src\main\java\com\jobportal\dto\UserResponseDto.java
C:\Users\VARDHAM\OneDrive\Desktop\final project\DAC_Project_Final_Backend-main\DAC_Project_Final_Backend-main\src\main\java\com\jobportal\config\CustomUserDetails.java
C:\Users\VARDHAM\OneDrive\Desktop\final project\DAC_Project_Final_Backend-main\DAC_Project_Final_Backend-main\src\main\java\com\jobportal\dao\AddressDao.java
C:\Users\VARDHAM\OneDrive\Desktop\final project\DAC_Project_Final_Backend-main\DAC_Project_Final_Backend-main\src\main\java\com\jobportal\dao\UserDao.java
C:\Users\VARDHAM\OneDrive\Desktop\final project\DAC_Project_Final_Backend-main\DAC_Project_Final_Backend-main\src\main\java\com\jobportal\service\JobCategoryService.java
C:\Users\VARDHAM\OneDrive\Desktop\final project\DAC_Project_Final_Backend-main\DAC_Project_Final_Backend-main\src\main\java\com\jobportal\service\UserWorkExperienceService.java
